Inodes: 32
Blocks: 128
Block group:
    block bitmap: 3
    inode bitmap: 4
    inode table: 5
    free blocks: 90
    free inodes: 20
    used_dirs: 2
Block bitmap: 11111111 11111111 11111100 00000000 00010000 00000000 00000000 00000111 00000010 00000000 00111111 11110000 00000000 00000000 00000000 00000001 
Inode bitmap: 11111111 11110000 00000000 00000000 

Inodes:
[2] type: d size: 1024 links: 3 blocks: 2
[2] Blocks:  9
[12] type: f size: 13440 links: 1 blocks: 30
[12] Blocks:  62 63 64 83 84 85 86 87 88 89 90 91 36
